RAM Allocation [bytes]
Variable                                                                          Address   Size
------------------------------------------------------------------------------------------------

EEPROM Allocation [bytes]
Variable                                                                          Address   Size
------------------------------------------------------------------------------------------------

Register Allocation
Variable                                                                          Register  Size
------------------------------------------------------------------------------------------------
TimerOverflowCounter                                                              R4,R5        2
n                                                                                 R6,R7        2
NUMBER                                                                            R8,R9        2
state                                                                             R10,R11      2

FLASH Allocation [words]
Function                                                                          Address   Size
------------------------------------------------------------------------------------------------
timer0_ovf_isr                                                                    0x0005F     46
main                                                                              0x0008D     44
