RAM Allocation [bytes]
Variable                                                                          Address   Size
------------------------------------------------------------------------------------------------
states                                                                            0x0160       8
delay                                                                             0x0168       2
max_delay                                                                         0x016A       2
min_delay                                                                         0x016C       2
timerStarted                                                                      0x016E       2
direction                                                                         0x0170       2
currentState                                                                      0x0172       2

EEPROM Allocation [bytes]
Variable                                                                          Address   Size
------------------------------------------------------------------------------------------------

Register Allocation
Variable                                                                          Register  Size
------------------------------------------------------------------------------------------------
flag                                                                              R2.0      1bit
currentPosition                                                                   R4,R5        2
TimerOverFlowCounter                                                              R6,R7        2
n                                                                                 R8,R9        2
goingFast                                                                         R10,R11      2
counter                                                                           R12,R13      2

FLASH Allocation [words]
Function                                                                          Address   Size
------------------------------------------------------------------------------------------------
timer0_ovf_isr                                                                    0x0006A    104
main                                                                              0x000D2     48
